[INFO] Scanning for projects...
[INFO] 
[INFO] ------------------------< com.hms:AuthService >-------------------------
[INFO] Building swsm-management-system 0.0.1-SNAPSHOT
[INFO]   from pom.xml
[INFO] --------------------------------[ jar ]---------------------------------
[INFO] 
[INFO] --- resources:3.3.1:resources (default-resources) @ AuthService ---
[INFO] Copying 1 resource from src\main\resources to target\classes
[INFO] Copying 10 resources from src\main\resources to target\classes
[INFO] 
[INFO] --- compiler:3.11.0:compile (default-compile) @ AuthService ---
[INFO] Changes detected - recompiling the module! :source
[INFO] Compiling 111 source files with javac [debug release 21] to target\classes
[INFO] 
[INFO] --- resources:3.3.1:testResources (default-testResources) @ AuthService ---
[INFO] skip non existing resourceDirectory D:\DFRMOI\owsm-dev\owsm_api\AuthService\src\test\resources
[INFO] 
[INFO] --- compiler:3.11.0:testCompile (default-testCompile) @ AuthService ---
[INFO] Changes detected - recompiling the module! :dependency
[INFO] Compiling 12 source files with javac [debug release 21] to target\test-classes
[INFO] 
[INFO] --- surefire:3.5.3:test (default-test) @ AuthService ---
[INFO] Tests are skipped.
[INFO] 
[INFO] --- jar:3.4.2:jar (default-jar) @ AuthService ---
[INFO] Building jar: D:\DFRMOI\owsm-dev\owsm_api\AuthService\target\AuthService-0.0.1-SNAPSHOT.jar
[INFO] 
[INFO] --- spring-boot:3.5.5:repackage (repackage) @ AuthService ---
[INFO] Replacing main artifact D:\DFRMOI\owsm-dev\owsm_api\AuthService\target\AuthService-0.0.1-SNAPSHOT.jar with repackaged archive, adding nested dependencies in BOOT-INF/.
[INFO] The original artifact has been renamed to D:\DFRMOI\owsm-dev\owsm_api\AuthService\target\AuthService-0.0.1-SNAPSHOT.jar.original
[INFO] ------------------------------------------------------------------------
[INFO] BUILD SUCCESS
[INFO] ------------------------------------------------------------------------
[INFO] Total time:  7.268 s
[INFO] Finished at: 2026-10-03T01:34:36+07:00
[INFO] ------------------------------------------------------------------------
